[inspirobot.me/index.html]
[backblue.gif]
[fade.gif]
[index.html]
[inspirobot.me/website/images/favicon.png]
[maxcdn.bootstrapcdn.com/bootstrap/3.3.4/css/bootstrap.min.css]
[inspirobot.me/website/css/style.css]
[inspirobot.me/website/owl-carousel/owl.carousel.css]
[inspirobot.me/website/owl-carousel/owl.theme.css]
[inspirobot.me/website/css/bootstrap-switch.min.css]
[ajax.googleapis.com/ajax/libs/jqueryui/1.11.4/jquery-ui.min.js]
[maxcdn.bootstrapcdn.com/bootstrap/3.3.4/js/bootstrap.min.js]
[inspirobot.me/website/js/howler.min.js]
[inspirobot.me/website/js/main.js]
[inspirobot.me/website/owl-carousel/owl.carousel.js]
[connect.facebook.net/en_US/sdk.js]
[www.google-analytics.com/analytics.js]
[inspirobot.me/website/js/bootstrap-switch.min.js]
[inspirobot.me/mindfulnessmode.html]
[code.jquery.com/jquery.js]
[inspirobot.me/website/images/twitter.png]
[inspirobot.me/website/images/facebook.png]
[inspirobot.me/website/images/icons/tshirt.png]
[inspirobot.me/website/images/icons/poster.png]
[inspirobot.me/website/images/icons/mug.png]
[inspirobot.me/website/images/icons/sticker.png]
[badges.instagram.com/static/thirdparty/images/badges/ig-badge-view-sprite-24.png/284161441bde.png]
[badges.instagram.com/static/thirdparty/images/badges/ig-badge-view-sprite-24@2x.png/4dc9b281052c.png]
[badges.instagram.com/static/thirdparty/images/badges/ig-badge-view-24.png/41dd6fb5d8eb.png]
[inspirobot.me/website/images/Etherum_QRcode.png]
[inspirobot.me/index.html]
[maxcdn.bootstrapcdn.com/bootstrap/3.3.4/css/bootstrap.min.css]
[inspirobot.me/website/fonts/Futura-Oblique.ttf]
[inspirobot.me/website/fonts/zig.ttf]
[inspirobot.me/website/images/bg20.jpg]
[inspirobot.me/website/images/Background6.23.delayed]
[inspirobot.me/website/images/bg-bright2.jpg]
[inspirobot.me/website/images/bg-xmas.jpg]
[inspirobot.me/website/images/inspirobot-dark-green.png]
[inspirobot.me/website/images/inspirobot-light-green.png]
[inspirobot.me/website/images/inspirobot-pink-dark.png]
[inspirobot.me/website/images/inspirobot-pink-bright.png]
[inspirobot.me/website/css/style.css]
[inspirobot.me/website/owl-carousel/grabbing.png]
[inspirobot.me/website/owl-carousel/owl.carousel.css]
[inspirobot.me/website/owl-carousel/AjaxLoader.gif]
[inspirobot.me/website/owl-carousel/owl.theme.css]
[inspirobot.me/website/css/bootstrap-switch.min.css]
[inspirobot.me/ABCDEFGHIJKLMNOPQRSTUVWXYZabcdefghijklmnopqrstuvwxyz0123456789+/index.html]
[inspirobot.me/restserver.php]
[connect.facebook.net/en_US/sdk.js]
[inspirobot.me/^([^_/indexd41d.html]
[inspirobot.me/website/images/icons/speaker.png]
[inspirobot.me/website/js/mindfulnessmode.js]
[inspirobot.me/mindfulnessmode.html]
[inspirobot.me/website/fonts/zig.html]
[inspirobot.me/website/images/Background6.html]
[inspirobot.me/ABCDEFGHIJKLMNOPQRSTUVWXYZabcdefghijklmnopqrstuvwxyz0123456789+/index.html]
[inspirobot.me/^([^_/indexd41d.html]
[inspirobot.me/restserver.html]
