[backblue.gif]
[fade.gif]
[index.html]
[whspr.xyz/static/favicons/universelogo/apple-touch-icon.png]
[whspr.xyz/static/favicons/universelogo/favicon-32x32.png]
[whspr.xyz/static/favicons/universelogo/favicon-16x16.png]
[whspr.xyz/static/favicons/universelogo/site.webmanifest]
[whspr.xyz/static/favicons/universelogo/favicon.ico]
[whspr.xyz/_next/48767547-2dce-45c2-a689-f04b2c30727a/page/index.js]
[whspr.xyz/_next/48767547-2dce-45c2-a689-f04b2c30727a/page/_error.js]
[whspr.xyz/_next/3884eabcf8385db5db1f51779b784596/app.js]
[checkout.stripe.com/checkout.js]
[api.tiles.mapbox.com/mapbox-gl-js/v0.39.1/mapbox-gl.css]
[whspr.xyz/static/analytics.js]
[whspr.xyz/index.html]
[whspr.xyz/static/favicons/universelogo/safari-pinned-tab.svg]
[connect.soundcloud.com/sdk/sdk-3.2.2.js]
[api.tiles.mapbox.com/mapbox-gl-js/v0.42.0/mapbox-gl.js]
[whspr.xyz/static/TiemposHeadlineWeb/TiemposHeadlineWeb-Light.eot]
[whspr.xyz/static/TiemposHeadlineWeb/TiemposHeadlineWeb-Light.woff2]
[whspr.xyz/static/TiemposHeadlineWeb/TiemposHeadlineWeb-Lightd41d.eot]
[whspr.xyz/static/TiemposHeadlineWeb/TiemposHeadlineWeb-Light.woff]
[whspr.xyz/static/SF-UI-Display-Heavy.otf]
[whspr.xyz/static/SF-UI-Display-Semibold.otf]
[whspr.xyz/static/SF-UI-Text-Regular.otf]
[whspr.xyz/static/syncopate-bold.ttf]
[whspr.xyz/static/TiemposTextWeb/TiemposTextWeb-Regular.eot]
[whspr.xyz/static/TiemposTextWeb/TiemposTextWeb-Regulard41d.eot]
[whspr.xyz/static/TiemposTextWeb/TiemposTextWeb-Regular.woff2]
[whspr.xyz/static/TiemposTextWeb/TiemposTextWeb-Regular.woff]
[whspr.xyz/static/Respira-Black.otf]
[whspr.xyz/static/fonts/SFUIText/SF-UI-Text-Regular.otf]
[whspr.xyz/static/fonts/Alegreya/Alegreya-Black.ttf]
[whspr.xyz/static/fonts/Alegreya/Alegreya-BlackItalic.ttf]
[whspr.xyz/static/fonts/Alegreya/Alegreya-Bold.ttf]
[whspr.xyz/static/fonts/Alegreya/Alegreya-BoldItalic.ttf]
[whspr.xyz/static/fonts/Alegreya/Alegreya-Italic.ttf]
[whspr.xyz/static/fonts/Alegreya/Alegreya-Regular.ttf]
[whspr.xyz/static/fonts/Space_Mono/SpaceMono-Bold.ttf]
[whspr.xyz/static/fonts/Space_Mono/SpaceMono-BoldItalic.ttf]
[whspr.xyz/static/fonts/Space_Mono/SpaceMono-Italic.ttf]
[whspr.xyz/static/fonts/Space_Mono/SpaceMono-Regular.ttf]
[whspr.xyz/static/fonts/Headline/Universe - HelveticaNeueLTStd-BdCn.otf]
[whspr.xyz/static/fonts/Headline/Universe - HelveticaNeueLTStd-BdCnO.otf]
[whspr.xyz/static/fonts/Headline/Universe - HelveticaNeueLTStd-HvCn.otf]
[whspr.xyz/static/fonts/Headline/Universe - HelveticaNeueLTStd-HvCnO.otf]
[whspr.xyz/static/fonts/Light/Universe - HelveticaNeueLTStd-Md.otf]
[whspr.xyz/static/fonts/Light/Universe - HelveticaNeueLTStd-MdIt.otf]
[whspr.xyz/static/fonts/Light/Universe - HelveticaNeueLTStd-Th.otf]
[whspr.xyz/static/fonts/Light/Universe - HelveticaNeueLTStd-ThIt.otf]
[whspr.xyz/static/fonts/Notebook/Neucha.ttf]
[whspr.xyz/static/fonts/AUTHENTIC_Sans/AUTHENTIC-Sans.woff2]
[whspr.xyz/static/fonts/AUTHENTIC_Sans/AUTHENTIC-Sans.woff]
[whspr.xyz/static/fonts/IBM_Plex_Mono/IBMPlexMono-Regular.woff2]
[whspr.xyz/static/fonts/IBM_Plex_Mono/IBMPlexMono-Regular.woff]
[whspr.xyz/static/fonts/Junicode/junicode-regular-webfont.woff2]
[whspr.xyz/static/fonts/Junicode/junicode-regular-webfont.woff]
[whspr.xyz/static/fonts/Junicode/junicode-boldcondensed-webfont.woff2]
[whspr.xyz/static/fonts/Junicode/junicode-boldcondensed-webfont.woff]
[whspr.xyz/static/fonts/League_Gothic/leaguegothic-regular-webfont.woff]
[whspr.xyz/static/fonts/Indie_Flower/IndieFlower.ttf]
[whspr.xyz/static/fonts/CooperHewitt/CooperHewitt-Bold.woff]
[whspr.xyz/static/fonts/YoungSerif/YoungSerif-Regular.woff2]
[whspr.xyz/static/fonts/YoungSerif/YoungSerif-Regular.woff]
[whspr.xyz/static/fonts/Wremena/Wremena-Regular.woff]
[whspr.xyz/static/fonts/Bungee_Shade/BungeeShade-Regular.ttf]
[whspr.xyz/static/fonts/Optima/Optima.ttf]
[whspr.xyz/static/fonts/Permanent_Marker/PermanentMarker.ttf]
[whspr.xyz/static/fonts/Rubik/Rubik-Black.ttf]
[whspr.xyz/static/fonts/Rubik/Rubik-BlackItalic.ttf]
[whspr.xyz/static/fonts/Rubik/Rubik-Bold.ttf]
[whspr.xyz/static/fonts/Rubik/Rubik-BoldItalic.ttf]
[whspr.xyz/static/fonts/Rubik/Rubik-Italic.ttf]
[whspr.xyz/static/fonts/Rubik/Rubik-Light.ttf]
[whspr.xyz/static/fonts/Rubik/Rubik-LightItalic.ttf]
[whspr.xyz/static/fonts/Rubik/Rubik-Medium.ttf]
[whspr.xyz/static/fonts/Rubik/Rubik-MediumItalic.ttf]
[whspr.xyz/static/fonts/Rubik/Rubik-Regular.ttf]
[whspr.xyz/static/fonts/VT323/VT323-Regular.ttf]
[whspr.xyz/static/fonts/Zilla_Slab/ZillaSlab-Bold.ttf]
[whspr.xyz/static/fonts/Zilla_Slab/ZillaSlab-BoldItalic.ttf]
[whspr.xyz/static/fonts/Zilla_Slab/ZillaSlab-Italic.ttf]
[whspr.xyz/static/fonts/Zilla_Slab/ZillaSlab-Light.ttf]
[whspr.xyz/static/fonts/Zilla_Slab/ZillaSlab-LightItalic.ttf]
[whspr.xyz/static/fonts/Zilla_Slab/ZillaSlab-Medium.ttf]
[whspr.xyz/static/fonts/Zilla_Slab/ZillaSlab-MediumItalic.ttf]
[whspr.xyz/static/fonts/Zilla_Slab/ZillaSlab-Regular.ttf]
[whspr.xyz/static/fonts/Zilla_Slab/ZillaSlab-SemiBold.ttf]
[whspr.xyz/static/fonts/Zilla_Slab/ZillaSlab-SemiBoldItalic.ttf]
[whspr.xyz/static/fonts/Wideface.ttf]
[whspr.xyz/static/fonts/Noto_Serif/NotoSerif-Regular.ttf]
[whspr.xyz/static/fonts/Noto_Serif/NotoSerif-Bold.ttf]
[whspr.xyz/static/fonts/Noto_Serif/NotoSerif-BoldItalic.ttf]
[whspr.xyz/static/fonts/Noto_Serif/NotoSerif-Italic.ttf]
[whspr.xyz/static/fonts/SFUIText/SF-UI-Text-Light.otf]
[whspr.xyz/static/fonts/SFUIText/SF-UI-Text-Heavy.otf]
[whspr.xyz/static/fonts/SFUIText/SF-UI-Text-Medium.otf]
[whspr.xyz/static/fonts/SFUIText/SF-UI-Text-Semibold.otf]
[whspr.xyz/static/fonts/SFUIText/SF-UI-Text-Bold.otf]
[whspr.xyz/static/fonts/Universal/Universe - HelveticaNeueLTStd-Bd.otf]
[whspr.xyz/static/fonts/Widespace/Universe - HelveticaNeueLTStd-BdEx.otf]
[whspr.xyz/static/fonts/Widespace/Universe - HelveticaNeueLTStd-BdExO.otf]
[whspr.xyz/static/fonts/Universal/Universe - HelveticaNeueLTStd-BdIt.otf]
[whspr.xyz/static/fonts/Heavy/Universe - HelveticaNeueLTStd-Blk.otf]
[whspr.xyz/static/fonts/Heavy/Universe - HelveticaNeueLTStd-BlkIt.otf]
[whspr.xyz/static/fonts/Heavy/Universe - HelveticaNeueLTStd-Hv.otf]
[whspr.xyz/static/fonts/Widespace/Universe - HelveticaNeueLTStd-HvEx.otf]
[whspr.xyz/static/fonts/Widespace/Universe - HelveticaNeueLTStd-HvExO.otf]
[whspr.xyz/static/fonts/Heavy/Universe - HelveticaNeueLTStd-HvIt.otf]
[whspr.xyz/static/fonts/Universal/Universe - HelveticaNeueLTStd-It.otf]
[whspr.xyz/static/fonts/Universal/Universe - HelveticaNeueLTStd-Roman.otf]
[whspr.xyz/static/fonts/Outline/Universe - HelveticaNeueLTStd-BdOu.otf]
[whspr.xyz/static/fonts/SFMono/SFMono-Regular.otf]
[whspr.xyz/static/fonts/Chunky/AlfaSlabOne-Regular.ttf]
[whspr.xyz/static/fonts/Angular/KumarOne-Regular.ttf]
[whspr.xyz/static/fonts/Lines/Monoton-Regular.ttf]
[whspr.xyz/static/fonts/AngularOutline/KumarOneOutline-Regular.ttf]
[whspr.xyz/static/fonts/Rounded/Nunito-ExtraBold.ttf]
[whspr.xyz/static/fonts/Morning/Shrikhand-Regular.ttf]
[whspr.xyz/static/fonts/Gesture/YatraOne-Regular.ttf]
[whspr.xyz/static/fonts/ArtNouveau/Macondo-Regular.ttf]
[whspr.xyz/static/fonts/Espresso/RozhaOne-Regular.ttf]
[whspr.xyz/static/link-arrow-light.png]
[whspr.xyz/static/link-arrow-dark.png]
[whspr.xyz/static/styles.css]
[api.tiles.mapbox.com/mapbox-gl-js/v0.39.1/mapbox-gl.css]
[whspr.xyz/static/stickers/BrandSticker-Standard.svg]
[whspr.xyz/static/stickers/BrandSticker-Wheel.svg]
[whspr.xyz/static/stickers/BrandSticker-Tumble.svg]
[whspr.xyz/static/stickers/BrandSticker-Wavy.svg]
[whspr.xyz/static/stickers/BrandSticker-Tablet.svg]
[whspr.xyz/static/stickers/BrandSticker-Technical.svg]
[whspr.xyz/static/stickers/BrandSticker-Follow.svg]
[whspr.xyz/static/mapBlockPin.svg]
